Long/bug_469_l
Long/bug_tr772
Long/idealclass
Long/ncfactor_counterExOld_l
Long/paraplan
Long/resol1
Long/resol2
Long/resol3
Long/resol4
Long/resol5
Long/resol6
Long/resol7
Manual/freeAlgebra
Manual/letterplace_bracket
Manual/letterplace_dim
Manual/letterplace_fetch
Manual/letterplace_imap
Manual/letterplace_lift
Manual/letterplace_liftstd
Manual/letterplace_map
Manual/letterplace_maxideal
Manual/letterplace_modulo
Manual/letterplace_multiplication
Manual/letterplace_print
Manual/letterplace_reduce
Manual/letterplace_std_Z
Manual/letterplace_syz
Manual/letterplace_vdim
Manual/lpGlDimBound
Manual/lpIsPrime
Manual/lpIsSemiPrime
Manual/lpLmDivisible
Manual/lpNoetherian
Manual/lpUfnarovskiGraph
Manual/rmx
Manual/sresforextalg
Manual/tex
Manual/xdvi
Plural/bern5_slimgb
Plural/ucha2
SBA/sba_int_27
SBA/sba_int_46
Short/bug_259
Short/bug_554
Short/bug_newstruct7
Short/bug_tr280
Short/bug_tr551
Short/divrem
Short/divrem2
Short/libehv_s
Short/polybori_s
Short/polymake
Short/transformation
Short/zerored
VeryLong/gangl
Wester/A
Wester/B
Wester/C
Wester/D
Wester/E
Wester/F
Wester/G
Wester/G_p
Wester/H
Wester/I
Wester/K
Wester/M1
Wester/M2
Wester/N
Wester/O
Wester/P
Wester/P_p
Wester/X
Wester/Y
