; gb_portable.lst - Tests without protocol traces or direct raw GB printing
; (no option(prot), no bare printing of std() output)
; These tests may still print intermediate results that depend on GB element
; ordering. For pure invariant-checking tests, see gb_portable/gb_portable2.lst.
;
; Category (c): result-only tests suitable for algorithm selection
;
primdec3
finduni_s
reduce_s
Zdim_s
deform_s
homalg
methods
dim-test_for_rings_over_integers
libehv_s
divrem2
bug_24
bug_29
bug_40
bug_42
bug_51
bug_hilb
bug_liftstd2
bug_liftstd4
bug_liftstd5
bug_mem_Z
bug_qslimgb1
bug_quotient
bug_sca
bug_sres_betti
bug_tr239
bug_tr380
bug_tr387
bug_tr489
bug_tr501
bug_tr551
bug_tr587
bug_tr634
bug_tr641
bug_tr650
bug_tr662
bug_tr690
bug_tr719
bug_division_2
bug_printres
bug_tr276
bug_tr379
bug_tr661
bug_tr778
bug_532_s
bug_538_s
bug_540
bug_napMultT
sheafcoh_s
allres_s
assprimeszerodim_s
rootisolation
issue1285
factorizeQa_s
